// Jest Snapshot v1, https://goo.gl/fbAQLP

exports[`<Footer /> should match its reference snapshot 1`] = `
<div>
  <footer
    id="footer"
  >
    <div
      className="container"
    >
      <div
        className="four columns"
      >
        <img
          alt=""
          id="logo-footer"
          src="/assets/theme/images/logo-footer.png"
        />
        <p>
          Propulsé par ReactJS.
        </p>
        <p>
          Images et textes par Milci.
        </p>
      </div>
      <div
        className="four columns"
      >
        <h4>
          Coordonnées du développeur
        </h4>
        <ul
          className="contact-details-alt"
        >
          <li>
            <i
              className="halflings white user"
            />
             
            <p>
              <strong>
                Discord:
              </strong>
               Cachwir#3822
            </p>
          </li>
          <li>
            <i
              className="halflings white envelope"
            />
            <p>
              <strong>
                Email:
              </strong>
               cachwir@gmx.com
            </p>
          </li>
        </ul>
      </div>
    </div>
  </footer>
  <footer
    id="footer-bottom"
  >
    <div
      className="container"
    >
      <div
        className="eight columns"
      >
        <div
          className="copyright"
        >
          © Copyright 2020 par Cachwir. Tous droits réservés.
        </div>
      </div>
    </div>
  </footer>
</div>
`;
